===========================================================================
***************  Panorama makefile generated by Hugin       ***************
===========================================================================
System information
===========================================================================
Operating system: GNU/Linux
Release: 3.16.0-rc4-3.gaa23827-desktop
Kernel version: #1 SMP PREEMPT Fri Jul 11 06:44:43 UTC 2014 (aa23827)
Machine: x86_64
Disc usage
Filesystem      Size  Used Avail Use% Mounted on
/dev/sda2       145G  142G  1.7G  99% /
devtmpfs        3.9G   16K  3.9G   1% /dev
tmpfs           3.9G  960K  3.9G   1% /dev/shm
tmpfs           3.9G  2.2M  3.9G   1% /run
tmpfs           3.9G     0  3.9G   0% /sys/fs/cgroup
tmpfs           3.9G  2.2M  3.9G   1% /var/lock
tmpfs           3.9G  2.2M  3.9G   1% /var/run
Memory usage
             total       used       free     shared    buffers     cached
Mem:          7881       5872       2009        729        101       1834
-/+ buffers/cache:       3936       3945
Swap:         2053        250       1803
===========================================================================
Output options
===========================================================================
Hugin Version: 2013.0.0.4692917e7a55
Project file: /tmp/huginpto_b4AOJn
Output prefix: test0001 - test0004
Projection: Equirectangular (2)
Field of view: 360 x 180
Canvas dimensions: 3000 x 1500
Crop area: (0,0) - (3000,1500)
Output exposure value: 0.00
Output stacks minimum overlap: 0.700
Output layers maximum Ev difference: 0.50
Selected outputs
Normal panorama
* Blended panorama
===========================================================================
Input images
===========================================================================
Number of images in project file: 4
Number of active images: 4
Image 0: /home/ckirst/Science/Simulation/Matlab/StemCell3D/test0001.tif
Image 0: Size 512x512, Exposure: 0.00
Image 1: /home/ckirst/Science/Simulation/Matlab/StemCell3D/test0002.tif
Image 1: Size 512x512, Exposure: 0.00
Image 2: /home/ckirst/Science/Simulation/Matlab/StemCell3D/test0003.tif
Image 2: Size 512x512, Exposure: 0.00
Image 3: /home/ckirst/Science/Simulation/Matlab/StemCell3D/test0004.tif
Image 3: Size 512x512, Exposure: 0.00
===========================================================================
Testing programs
===========================================================================
Checking nona...[OK]
Checking enblend...[OK]
Checking enfuse...[OK]
Checking hugin_hdrmerge...[OK]
Checking exiftool...[OK]
===========================================================================
Stitching panorama
===========================================================================
nona  -z LZW -r ldr -m TIFF_m -o test0001\ -\ test0004 -i 0 /tmp/huginpto_b4AOJn
nona  -z LZW -r ldr -m TIFF_m -o test0001\ -\ test0004 -i 1 /tmp/huginpto_b4AOJn
nona  -z LZW -r ldr -m TIFF_m -o test0001\ -\ test0004 -i 2 /tmp/huginpto_b4AOJn
nona  -z LZW -r ldr -m TIFF_m -o test0001\ -\ test0004 -i 3 /tmp/huginpto_b4AOJn
enblend --compression=LZW -w -f3000x1500 -o test0001\ -\ test0004.tif -- test0001\ -\ test00040000.tif test0001\ -\ test00040001.tif test0001\ -\ test00040002.tif test0001\ -\ test00040003.tif
terminate called after throwing an instance of 'vigra::PreconditionViolation'
  what():  
Precondition violation!
Unable to open file 'test0001 - test00040001.tif'.
(/home/abuild/rpmbuild/BUILD/vigra-1.9.0/src/impex/tiff.cxx:246)

make: *** [test0001 - test0004.tif] Aborted
